[ 10%] Linking CXX executable deadcode
[100%] Built target deadcode
